
> solarcheck-ng@0.1.0 build
> next build

  Γû▓ Next.js 14.2.35
  - Environments: .env.local

   Creating an optimized production build ...
 Γ£ô Compiled successfully
   Linting and checking validity of types ...
node.exe : 
At line:1 char:1
+ & "C:\Program 
Files\nodejs/node.exe" 
"C:\Program 
Files\nodejs/node_mo ...
+ ~~~~~~~~~~~~~~~~~~~~~~~~~~~~~
~~~~~~~~~~~~~~~~~~~~~~~~~~~~~~~
~~~~~~~~~
    + CategoryInfo          :  
   NotSpecified: (:String) []  
  , RemoteException
    + FullyQualifiedErrorId :  
   NativeCommandError
 
Failed to compile.

./src/app/lagos-power-bands/pag
e.tsx
105:18  Error: `'` can be 
escaped with `&apos;`, 
`&lsquo;`, `&#39;`, `&rsquo;`. 
 react/no-unescaped-entities

./src/components/forms/calc-inp
ut-sidebar.tsx
148:40  Error: `'` can be 
escaped with `&apos;`, 
`&lsquo;`, `&#39;`, `&rsquo;`. 
 react/no-unescaped-entities

./src/components/tools/feeder-s
earch.tsx
53:36  Error: `"` can be 
escaped with `&quot;`, 
`&ldquo;`, `&#34;`, `&rdquo;`. 
 react/no-unescaped-entities
53:44  Error: `"` can be 
escaped with `&quot;`, 
`&ldquo;`, `&#34;`, `&rdquo;`. 
 react/no-unescaped-entities
56:78  Error: `"` can be 
escaped with `&quot;`, 
`&ldquo;`, `&#34;`, `&rdquo;`. 
 react/no-unescaped-entities
56:84  Error: `"` can be 
escaped with `&quot;`, 
`&ldquo;`, `&#34;`, `&rdquo;`. 
 react/no-unescaped-entities

./src/lib/calculator/calculatio
ns.ts
836:115  Error: Unexpected 
any. Specify a different type. 
 @typescript-eslint/no-explicit
-any

info  - Need to disable some 
ESLint rules? Learn more here: 
https://nextjs.org/docs/basic-f
eatures/eslint#disabling-rules
