src/lib/calculator/calculations.ts(1778,1): error TS1005: ',' expected.
src/lib/calculator/calculations.ts(1797,2): error TS1005: '}' expected.
