src/app/solar-batteries/[slug]/page.tsx(19,60): error TS1064: The return type of an async function or method must be the global Promise<T> type. Did you mean to write 'Promise<Metadata>'?
src/app/solar-batteries/[slug]/page.tsx(20,59): error TS1308: 'await' expressions are only allowed within async functions and at the top levels of modules.
src/app/solar-batteries/[slug]/page.tsx(36,59): error TS1308: 'await' expressions are only allowed within async functions and at the top levels of modules.
src/app/solar-inverters/[slug]/page.tsx(19,60): error TS1064: The return type of an async function or method must be the global Promise<T> type. Did you mean to write 'Promise<Metadata>'?
src/app/solar-inverters/[slug]/page.tsx(20,55): error TS1308: 'await' expressions are only allowed within async functions and at the top levels of modules.
src/app/solar-inverters/[slug]/page.tsx(36,55): error TS1308: 'await' expressions are only allowed within async functions and at the top levels of modules.
src/app/solar-panels/[slug]/page.tsx(19,60): error TS1064: The return type of an async function or method must be the global Promise<T> type. Did you mean to write 'Promise<Metadata>'?
src/app/solar-panels/[slug]/page.tsx(20,54): error TS1308: 'await' expressions are only allowed within async functions and at the top levels of modules.
src/app/solar-panels/[slug]/page.tsx(36,54): error TS1308: 'await' expressions are only allowed within async functions and at the top levels of modules.
